2026-08-30T00:00:18.847Z  INFO 25296 --- [parle-moi-backend] [clientInboundChannel-114] s.parlemoi.backend.service.AppelService  : [Appel] Signal recu - code=PM-N5VQ5DJW, type=RACCROCHER, principal=EcoutantPrincipal[ecoutantId=fb790b9d-2d7a-4c40-b404-5f77f1219ea8, role=ECOUTANT]
2026-08-30T00:00:18.868Z  INFO 25296 --- [parle-moi-backend] [clientInboundChannel-114] s.parlemoi.backend.service.AppelService  : [Appel] Envoi du signal vers destination=/topic/conversations/PM-N5VQ5DJW/appel
2026-08-30T00:00:18.869Z  INFO 25296 --- [parle-moi-backend] [clientInboundChannel-114] s.parlemoi.backend.service.AppelService  : [Appel] Signal envoye avec succes
2026-08-30T00:14:04.535Z  INFO 25296 --- [parle-moi-backend] [MessageBroker-7] o.s.w.s.c.WebSocketMessageBrokerStats    : WebSocketSession[2 current WS(2)-HttpStream(0)-HttpPoll(0), 13 total, 0 closed abnormally (0 connect failure, 0 send limit, 0 transport error)], stompSubProtocol[processed CONNECT(13)-CONNECTED(13)-DISCONNECT(2)], stompBrokerRelay[null], inboundChannel[pool size = 0, active threads = 0, queued tasks = 0, completed tasks = 267], outboundChannel[pool size = 0, active threads = 0, queued tasks = 0, completed tasks = 105], sockJsScheduler[pool size = 8, active threads = 1, queued tasks = 4, completed tasks = 860]
2026-08-30T00:44:04.573Z  INFO 25296 --- [parle-moi-backend] [MessageBroker-1] o.s.w.s.c.WebSocketMessageBrokerStats    : WebSocketSession[2 current WS(2)-HttpStream(0)-HttpPoll(0), 13 total, 0 closed abnormally (0 connect failure, 0 send limit, 0 transport error)], stompSubProtocol[processed CONNECT(13)-CONNECTED(13)-DISCONNECT(2)], stompBrokerRelay[null], inboundChannel[pool size = 0, active threads = 0, queued tasks = 0, completed tasks = 267], outboundChannel[pool size = 0, active threads = 0, queued tasks = 0, completed tasks = 107], sockJsScheduler[pool size = 8, active threads = 2, queued tasks = 3, completed tasks = 1423]
2026-08-30T01:14:04.592Z  INFO 25296 --- [parle-moi-backend] [MessageBroker-5] o.s.w.s.c.WebSocketMessageBrokerStats    : WebSocketSession[1 current WS(1)-HttpStream(0)-HttpPoll(0), 15 total, 0 closed abnormally (0 connect failure, 0 send limit, 0 transport error)], stompSubProtocol[processed CONNECT(15)-CONNECTED(15)-DISCONNECT(4)], stompBrokerRelay[null], inboundChannel[pool size = 0, active threads = 0, queued tasks = 0, completed tasks = 303], outboundChannel[pool size = 0, active threads = 0, queued tasks = 0, completed tasks = 115], sockJsScheduler[pool size = 8, active threads = 2, queued tasks = 2, completed tasks = 1957]
2026-08-30T12:36:55.091Z  INFO 13300 --- [parle-moi-backend] [main] s.p.backend.ParleMoiBackendApplication   : Starting ParleMoiBackendApplication using Java 17.0.17 with PID 13300 (C:\Users\jeanp\Dev\Projects\java\PARLEMOI\parle-moi-backend\target\classes started by jeanp in C:\Users\jeanp\Dev\Projects\java\PARLEMOI\parle-moi-backend)
2026-08-30T12:36:55.097Z  INFO 13300 --- [parle-moi-backend] [main] s.p.backend.ParleMoiBackendApplication   : No active profile set, falling back to 1 default profile: "default"
2026-08-30T12:36:56.357Z  INFO 13300 --- [parle-moi-backend] [main] .s.d.r.c.RepositoryConfigurationDelegate : Bootstrapping Spring Data JPA repositories in DEFAULT mode.
2026-08-30T12:36:56.487Z  INFO 13300 --- [parle-moi-backend] [main] .s.d.r.c.RepositoryConfigurationDelegate : Finished Spring Data repository scanning in 109 ms. Found 10 JPA repository interfaces.
2026-08-30T12:36:57.308Z  INFO 13300 --- [parle-moi-backend] [main] o.s.boot.tomcat.TomcatWebServer          : Tomcat initialized with port 8080 (http)
2026-08-30T12:36:57.328Z  INFO 13300 --- [parle-moi-backend] [main] o.apache.catalina.core.StandardService   : Starting service [Tomcat]
2026-08-30T12:36:57.328Z  INFO 13300 --- [parle-moi-backend] [main] o.apache.catalina.core.StandardEngine    : Starting Servlet engine: [Apache Tomcat/11.0.22]
2026-08-30T12:36:57.433Z  INFO 13300 --- [parle-moi-backend] [main] b.w.c.s.WebApplicationContextInitializer : Root WebApplicationContext: initialization completed in 2276 ms
2026-08-30T12:36:57.776Z  INFO 13300 --- [parle-moi-backend] [main] com.zaxxer.hikari.HikariDataSource       : HikariPool-1 - Starting...
2026-08-30T12:36:58.029Z  INFO 13300 --- [parle-moi-backend] [main] com.zaxxer.hikari.pool.HikariPool        : HikariPool-1 - Added connection org.postgresql.jdbc.PgConnection@26d0ece6
2026-08-30T12:36:58.031Z  INFO 13300 --- [parle-moi-backend] [main] com.zaxxer.hikari.HikariDataSource       : HikariPool-1 - Start completed.
2026-08-30T12:36:58.064Z  INFO 13300 --- [parle-moi-backend] [main] org.flywaydb.core.FlywayExecutor         : Database: jdbc:postgresql://localhost:5432/parlemoi (PostgreSQL 16.14)
2026-08-30T12:36:58.185Z  INFO 13300 --- [parle-moi-backend] [main] o.f.core.internal.command.DbValidate     : Successfully validated 5 migrations (execution time 00:00.045s)
2026-08-30T12:36:58.213Z  INFO 13300 --- [parle-moi-backend] [main] o.f.core.internal.command.DbMigrate      : Current version of schema "public": 5
2026-08-30T12:36:58.218Z  INFO 13300 --- [parle-moi-backend] [main] o.f.core.internal.command.DbMigrate      : Schema "public" is up to date. No migration necessary.
2026-08-30T12:36:58.376Z  INFO 13300 --- [parle-moi-backend] [main] org.hibernate.orm.jpa                    : HHH008540: Processing PersistenceUnitInfo [name: default]
2026-08-30T12:36:58.493Z  INFO 13300 --- [parle-moi-backend] [main] org.hibernate.orm.core                   : HHH000001: Hibernate ORM core version 7.4.1.Final
2026-08-30T12:36:59.201Z  INFO 13300 --- [parle-moi-backend] [main] o.s.o.j.p.SpringPersistenceUnitInfo      : No LoadTimeWeaver setup: ignoring JPA class transformer
2026-08-30T12:36:59.342Z  INFO 13300 --- [parle-moi-backend] [main] org.hibernate.orm.connections.pooling    : HHH10001005: Database info:
	Database JDBC URL [jdbc:postgresql://localhost:5432/parlemoi]
	Database driver: PostgreSQL JDBC Driver
	Database dialect: PostgreSQLDialect
	Database version: 16.14
	Default catalog/schema: parlemoi/public
	Autocommit mode: undefined/unknown
	Isolation level: READ_COMMITTED [default READ_COMMITTED]
	JDBC fetch size: none
	Pool: DataSourceConnectionProvider
	Minimum pool size: undefined/unknown
	Maximum pool size: undefined/unknown
2026-08-30T12:37:00.917Z  INFO 13300 --- [parle-moi-backend] [main] org.hibernate.orm.core                   : HHH000489: No JTA platform available (set 'hibernate.transaction.jta.platform' to enable JTA platform integration)
2026-08-30T12:37:01.004Z  INFO 13300 --- [parle-moi-backend] [main] j.LocalContainerEntityManagerFactoryBean : Initialized JPA EntityManagerFactory for persistence unit 'default'
2026-08-30T12:37:01.097Z  INFO 13300 --- [parle-moi-backend] [main] o.s.d.j.r.query.QueryEnhancerFactories   : Hibernate is in classpath; If applicable, HQL parser will be used.
2026-08-30T12:37:02.946Z  INFO 13300 --- [parle-moi-backend] [main] r$InitializeUserDetailsManagerConfigurer : Global AuthenticationManager configured with UserDetailsService bean with name userDetailsService
2026-08-30T12:37:03.534Z  INFO 13300 --- [parle-moi-backend] [main] o.s.m.s.b.SimpleBrokerMessageHandler     : Starting...
2026-08-30T12:37:03.534Z  INFO 13300 --- [parle-moi-backend] [main] o.s.m.s.b.SimpleBrokerMessageHandler     : BrokerAvailabilityEvent[available=true, SimpleBrokerMessageHandler [org.springframework.messaging.simp.broker.DefaultSubscriptionRegistry@27cda5f]]
2026-08-30T12:37:03.539Z  INFO 13300 --- [parle-moi-backend] [main] o.s.m.s.b.SimpleBrokerMessageHandler     : Started.
2026-08-30T12:37:03.567Z  INFO 13300 --- [parle-moi-backend] [main] o.s.boot.tomcat.TomcatWebServer          : Tomcat started on port 8080 (http) with context path '/'
2026-08-30T12:37:03.575Z  INFO 13300 --- [parle-moi-backend] [main] s.p.backend.ParleMoiBackendApplication   : Started ParleMoiBackendApplication in 9.029 seconds (process running for 9.745)
2026-08-30T12:38:03.550Z  INFO 13300 --- [parle-moi-backend] [MessageBroker-1] o.s.w.s.c.WebSocketMessageBrokerStats    : WebSocketSession[0 current WS(0)-HttpStream(0)-HttpPoll(0), 0 total, 0 closed abnormally (0 connect failure, 0 send limit, 0 transport error)], stompSubProtocol[processed CONNECT(0)-CONNECTED(0)-DISCONNECT(0)], stompBrokerRelay[null], inboundChannel[pool size = 0, active threads = 0, queued tasks = 0, completed tasks = 0], outboundChannel[pool size = 0, active threads = 0, queued tasks = 0, completed tasks = 0], sockJsScheduler[pool size = 4, active threads = 1, queued tasks = 1, completed tasks = 2]
2026-08-30T12:46:56.912Z  INFO 13300 --- [parle-moi-backend] [http-nio-8080-exec-1] o.a.c.c.C.[Tomcat].[localhost].[/]       : Initializing Spring DispatcherServlet 'dispatcherServlet'
2026-08-30T12:46:56.912Z  INFO 13300 --- [parle-moi-backend] [http-nio-8080-exec-1] o.s.web.servlet.DispatcherServlet        : Initializing Servlet 'dispatcherServlet'
2026-08-30T12:46:56.912Z  INFO 13300 --- [parle-moi-backend] [http-nio-8080-exec-1] o.s.web.servlet.DispatcherServlet        : Completed initialization in 0 ms
2026-08-30T13:08:03.556Z  INFO 13300 --- [parle-moi-backend] [MessageBroker-7] o.s.w.s.c.WebSocketMessageBrokerStats    : WebSocketSession[0 current WS(0)-HttpStream(0)-HttpPoll(0), 0 total, 0 closed abnormally (0 connect failure, 0 send limit, 0 transport error)], stompSubProtocol[processed CONNECT(0)-CONNECTED(0)-DISCONNECT(0)], stompBrokerRelay[null], inboundChannel[pool size = 0, active threads = 0, queued tasks = 0, completed tasks = 0], outboundChannel[pool size = 0, active threads = 0, queued tasks = 0, completed tasks = 0], sockJsScheduler[pool size = 8, active threads = 1, queued tasks = 1, completed tasks = 63]
2026-08-30T13:35:16.446Z  INFO 13300 --- [parle-moi-backend] [clientInboundChannel-69] s.parlemoi.backend.service.AppelService  : [Appel] Signal recu - code=PM-97PC5ND6, type=DEMARRER, principal=AnonymePrincipal[code=PM-97PC5ND6]
2026-08-30T13:35:16.446Z  INFO 13300 --- [parle-moi-backend] [clientInboundChannel-72] s.parlemoi.backend.service.AppelService  : [Appel] Signal recu - code=PM-97PC5ND6, type=OFFRE, principal=AnonymePrincipal[code=PM-97PC5ND6]
2026-08-30T13:35:16.466Z  INFO 13300 --- [parle-moi-backend] [clientInboundChannel-72] s.parlemoi.backend.service.AppelService  : [Appel] Envoi du signal vers destination=/topic/conversations/PM-97PC5ND6/appel
2026-08-30T13:35:16.479Z  INFO 13300 --- [parle-moi-backend] [clientInboundChannel-75] s.parlemoi.backend.service.AppelService  : [Appel] Signal recu - code=PM-97PC5ND6, type=CANDIDAT, principal=AnonymePrincipal[code=PM-97PC5ND6]
2026-08-30T13:35:16.482Z  INFO 13300 --- [parle-moi-backend] [clientInboundChannel-78] s.parlemoi.backend.service.AppelService  : [Appel] Signal recu - code=PM-97PC5ND6, type=CANDIDAT, principal=AnonymePrincipal[code=PM-97PC5ND6]
2026-08-30T13:35:16.483Z  INFO 13300 --- [parle-moi-backend] [clientInboundChannel-81] s.parlemoi.backend.service.AppelService  : [Appel] Signal recu - code=PM-97PC5ND6, type=CANDIDAT, principal=AnonymePrincipal[code=PM-97PC5ND6]
2026-08-30T13:35:16.490Z  INFO 13300 --- [parle-moi-backend] [clientInboundChannel-84] s.parlemoi.backend.service.AppelService  : [Appel] Signal recu - code=PM-97PC5ND6, type=CANDIDAT, principal=AnonymePrincipal[code=PM-97PC5ND6]
2026-08-30T13:35:16.488Z  INFO 13300 --- [parle-moi-backend] [clientInboundChannel-72] s.parlemoi.backend.service.AppelService  : [Appel] Signal envoye avec succes
2026-08-30T13:35:16.490Z  INFO 13300 --- [parle-moi-backend] [clientInboundChannel-75] s.parlemoi.backend.service.AppelService  : [Appel] Envoi du signal vers destination=/topic/conversations/PM-97PC5ND6/appel
2026-08-30T13:35:16.501Z  INFO 13300 --- [parle-moi-backend] [clientInboundChannel-81] s.parlemoi.backend.service.AppelService  : [Appel] Envoi du signal vers destination=/topic/conversations/PM-97PC5ND6/appel
2026-08-30T13:35:16.501Z  INFO 13300 --- [parle-moi-backend] [clientInboundChannel-75] s.parlemoi.backend.service.AppelService  : [Appel] Signal envoye avec succes
2026-08-30T13:35:16.506Z  INFO 13300 --- [parle-moi-backend] [clientInboundChannel-78] s.parlemoi.backend.service.AppelService  : [Appel] Envoi du signal vers destination=/topic/conversations/PM-97PC5ND6/appel
2026-08-30T13:35:16.509Z  INFO 13300 --- [parle-moi-backend] [clientInboundChannel-81] s.parlemoi.backend.service.AppelService  : [Appel] Signal envoye avec succes
2026-08-30T13:35:16.510Z  INFO 13300 --- [parle-moi-backend] [clientInboundChannel-78] s.parlemoi.backend.service.AppelService  : [Appel] Signal envoye avec succes
2026-08-30T13:35:16.511Z  INFO 13300 --- [parle-moi-backend] [clientInboundChannel-84] s.parlemoi.backend.service.AppelService  : [Appel] Envoi du signal vers destination=/topic/conversations/PM-97PC5ND6/appel
2026-08-30T13:35:16.514Z  INFO 13300 --- [parle-moi-backend] [clientInboundChannel-84] s.parlemoi.backend.service.AppelService  : [Appel] Signal envoye avec succes
2026-08-30T13:35:16.514Z  INFO 13300 --- [parle-moi-backend] [clientInboundChannel-69] s.parlemoi.backend.service.AppelService  : [Appel] Envoi du signal vers destination=/topic/conversations/PM-97PC5ND6/appel
2026-08-30T13:35:16.528Z  INFO 13300 --- [parle-moi-backend] [clientInboundChannel-69] s.parlemoi.backend.service.AppelService  : [Appel] Signal envoye avec succes
2026-08-30T13:35:16.567Z  INFO 13300 --- [parle-moi-backend] [clientInboundChannel-74] s.parlemoi.backend.service.AppelService  : [Appel] Signal recu - code=PM-97PC5ND6, type=CANDIDAT, principal=AnonymePrincipal[code=PM-97PC5ND6]
2026-08-30T13:35:16.567Z  INFO 13300 --- [parle-moi-backend] [clientInboundChannel-76] s.parlemoi.backend.service.AppelService  : [Appel] Signal recu - code=PM-97PC5ND6, type=CANDIDAT, principal=AnonymePrincipal[code=PM-97PC5ND6]
2026-08-30T13:35:16.571Z  INFO 13300 --- [parle-moi-backend] [clientInboundChannel-73] s.parlemoi.backend.service.AppelService  : [Appel] Signal recu - code=PM-97PC5ND6, type=CANDIDAT, principal=AnonymePrincipal[code=PM-97PC5ND6]
2026-08-30T13:35:16.571Z  INFO 13300 --- [parle-moi-backend] [clientInboundChannel-77] s.parlemoi.backend.service.AppelService  : [Appel] Signal recu - code=PM-97PC5ND6, type=CANDIDAT, principal=AnonymePrincipal[code=PM-97PC5ND6]
2026-08-30T13:35:16.584Z  INFO 13300 --- [parle-moi-backend] [clientInboundChannel-77] s.parlemoi.backend.service.AppelService  : [Appel] Envoi du signal vers destination=/topic/conversations/PM-97PC5ND6/appel
2026-08-30T13:35:16.584Z  INFO 13300 --- [parle-moi-backend] [clientInboundChannel-74] s.parlemoi.backend.service.AppelService  : [Appel] Envoi du signal vers destination=/topic/conversations/PM-97PC5ND6/appel
2026-08-30T13:35:16.584Z  INFO 13300 --- [parle-moi-backend] [clientInboundChannel-73] s.parlemoi.backend.service.AppelService  : [Appel] Envoi du signal vers destination=/topic/conversations/PM-97PC5ND6/appel
2026-08-30T13:35:16.585Z  INFO 13300 --- [parle-moi-backend] [clientInboundChannel-76] s.parlemoi.backend.service.AppelService  : [Appel] Envoi du signal vers destination=/topic/conversations/PM-97PC5ND6/appel
2026-08-30T13:35:16.589Z  INFO 13300 --- [parle-moi-backend] [clientInboundChannel-74] s.parlemoi.backend.service.AppelService  : [Appel] Signal envoye avec succes
2026-08-30T13:35:16.588Z  INFO 13300 --- [parle-moi-backend] [clientInboundChannel-77] s.parlemoi.backend.service.AppelService  : [Appel] Signal envoye avec succes
2026-08-30T13:35:16.590Z  INFO 13300 --- [parle-moi-backend] [clientInboundChannel-76] s.parlemoi.backend.service.AppelService  : [Appel] Signal envoye avec succes
2026-08-30T13:35:16.590Z  INFO 13300 --- [parle-moi-backend] [clientInboundChannel-73] s.parlemoi.backend.service.AppelService  : [Appel] Signal envoye avec succes
2026-08-30T13:35:16.621Z  INFO 13300 --- [parle-moi-backend] [clientInboundChannel-84] s.parlemoi.backend.service.AppelService  : [Appel] Signal recu - code=PM-97PC5ND6, type=CANDIDAT, principal=AnonymePrincipal[code=PM-97PC5ND6]
2026-08-30T13:35:16.624Z  INFO 13300 --- [parle-moi-backend] [clientInboundChannel-69] s.parlemoi.backend.service.AppelService  : [Appel] Signal recu - code=PM-97PC5ND6, type=CANDIDAT, principal=AnonymePrincipal[code=PM-97PC5ND6]
2026-08-30T13:35:16.625Z  INFO 13300 --- [parle-moi-backend] [clientInboundChannel-80] s.parlemoi.backend.service.AppelService  : [Appel] Signal recu - code=PM-97PC5ND6, type=CANDIDAT, principal=AnonymePrincipal[code=PM-97PC5ND6]
2026-08-30T13:35:16.625Z  INFO 13300 --- [parle-moi-backend] [clientInboundChannel-82] s.parlemoi.backend.service.AppelService  : [Appel] Signal recu - code=PM-97PC5ND6, type=CANDIDAT, principal=AnonymePrincipal[code=PM-97PC5ND6]
2026-08-30T13:35:16.630Z  INFO 13300 --- [parle-moi-backend] [clientInboundChannel-69] s.parlemoi.backend.service.AppelService  : [Appel] Envoi du signal vers destination=/topic/conversations/PM-97PC5ND6/appel
2026-08-30T13:35:16.630Z  INFO 13300 --- [parle-moi-backend] [clientInboundChannel-84] s.parlemoi.backend.service.AppelService  : [Appel] Envoi du signal vers destination=/topic/conversations/PM-97PC5ND6/appel
2026-08-30T13:35:16.630Z  INFO 13300 --- [parle-moi-backend] [clientInboundChannel-82] s.parlemoi.backend.service.AppelService  : [Appel] Envoi du signal vers destination=/topic/conversations/PM-97PC5ND6/appel
2026-08-30T13:35:16.633Z  INFO 13300 --- [parle-moi-backend] [clientInboundChannel-84] s.parlemoi.backend.service.AppelService  : [Appel] Signal envoye avec succes
2026-08-30T13:35:16.632Z  INFO 13300 --- [parle-moi-backend] [clientInboundChannel-69] s.parlemoi.backend.service.AppelService  : [Appel] Signal envoye avec succes
2026-08-30T13:35:16.637Z  INFO 13300 --- [parle-moi-backend] [clientInboundChannel-82] s.parlemoi.backend.service.AppelService  : [Appel] Signal envoye avec succes
2026-08-30T13:35:16.640Z  INFO 13300 --- [parle-moi-backend] [clientInboundChannel-80] s.parlemoi.backend.service.AppelService  : [Appel] Envoi du signal vers destination=/topic/conversations/PM-97PC5ND6/appel
2026-08-30T13:35:16.642Z  INFO 13300 --- [parle-moi-backend] [clientInboundChannel-80] s.parlemoi.backend.service.AppelService  : [Appel] Signal envoye avec succes
2026-08-30T13:35:59.128Z  INFO 13300 --- [parle-moi-backend] [clientInboundChannel-76] s.parlemoi.backend.service.AppelService  : [Appel] Signal recu - code=PM-97PC5ND6, type=ACCEPTER, principal=EcoutantPrincipal[ecoutantId=fb790b9d-2d7a-4c40-b404-5f77f1219ea8, role=ECOUTANT]
2026-08-30T13:35:59.132Z  INFO 13300 --- [parle-moi-backend] [clientInboundChannel-73] s.parlemoi.backend.service.AppelService  : [Appel] Signal recu - code=PM-97PC5ND6, type=REPONSE, principal=EcoutantPrincipal[ecoutantId=fb790b9d-2d7a-4c40-b404-5f77f1219ea8, role=ECOUTANT]
2026-08-30T13:35:59.143Z  INFO 13300 --- [parle-moi-backend] [clientInboundChannel-79] s.parlemoi.backend.service.AppelService  : [Appel] Signal recu - code=PM-97PC5ND6, type=CANDIDAT, principal=EcoutantPrincipal[ecoutantId=fb790b9d-2d7a-4c40-b404-5f77f1219ea8, role=ECOUTANT]
2026-08-30T13:35:59.142Z  INFO 13300 --- [parle-moi-backend] [clientInboundChannel-73] s.parlemoi.backend.service.AppelService  : [Appel] Envoi du signal vers destination=/topic/conversations/PM-97PC5ND6/appel
2026-08-30T13:35:59.144Z  INFO 13300 --- [parle-moi-backend] [clientInboundChannel-71] s.parlemoi.backend.service.AppelService  : [Appel] Signal recu - code=PM-97PC5ND6, type=CANDIDAT, principal=EcoutantPrincipal[ecoutantId=fb790b9d-2d7a-4c40-b404-5f77f1219ea8, role=ECOUTANT]
2026-08-30T13:35:59.148Z  INFO 13300 --- [parle-moi-backend] [clientInboundChannel-73] s.parlemoi.backend.service.AppelService  : [Appel] Signal envoye avec succes
2026-08-30T13:35:59.159Z  INFO 13300 --- [parle-moi-backend] [clientInboundChannel-79] s.parlemoi.backend.service.AppelService  : [Appel] Envoi du signal vers destination=/topic/conversations/PM-97PC5ND6/appel
2026-08-30T13:35:59.167Z  INFO 13300 --- [parle-moi-backend] [clientInboundChannel-79] s.parlemoi.backend.service.AppelService  : [Appel] Signal envoye avec succes
2026-08-30T13:35:59.171Z  INFO 13300 --- [parle-moi-backend] [clientInboundChannel-76] s.parlemoi.backend.service.AppelService  : [Appel] Envoi du signal vers destination=/topic/conversations/PM-97PC5ND6/appel
2026-08-30T13:35:59.174Z  INFO 13300 --- [parle-moi-backend] [clientInboundChannel-71] s.parlemoi.backend.service.AppelService  : [Appel] Envoi du signal vers destination=/topic/conversations/PM-97PC5ND6/appel
2026-08-30T13:35:59.175Z  INFO 13300 --- [parle-moi-backend] [clientInboundChannel-76] s.parlemoi.backend.service.AppelService  : [Appel] Signal envoye avec succes
2026-08-30T13:35:59.185Z  INFO 13300 --- [parle-moi-backend] [clientInboundChannel-84] s.parlemoi.backend.service.AppelService  : [Appel] Signal recu - code=PM-97PC5ND6, type=CANDIDAT, principal=EcoutantPrincipal[ecoutantId=fb790b9d-2d7a-4c40-b404-5f77f1219ea8, role=ECOUTANT]
2026-08-30T13:35:59.189Z  INFO 13300 --- [parle-moi-backend] [clientInboundChannel-80] s.parlemoi.backend.service.AppelService  : [Appel] Signal recu - code=PM-97PC5ND6, type=CANDIDAT, principal=EcoutantPrincipal[ecoutantId=fb790b9d-2d7a-4c40-b404-5f77f1219ea8, role=ECOUTANT]
2026-08-30T13:35:59.184Z  INFO 13300 --- [parle-moi-backend] [clientInboundChannel-71] s.parlemoi.backend.service.AppelService  : [Appel] Signal envoye avec succes
2026-08-30T13:35:59.213Z  INFO 13300 --- [parle-moi-backend] [clientInboundChannel-80] s.parlemoi.backend.service.AppelService  : [Appel] Envoi du signal vers destination=/topic/conversations/PM-97PC5ND6/appel
2026-08-30T13:35:59.214Z  INFO 13300 --- [parle-moi-backend] [clientInboundChannel-84] s.parlemoi.backend.service.AppelService  : [Appel] Envoi du signal vers destination=/topic/conversations/PM-97PC5ND6/appel
2026-08-30T13:35:59.221Z  INFO 13300 --- [parle-moi-backend] [clientInboundChannel-80] s.parlemoi.backend.service.AppelService  : [Appel] Signal envoye avec succes
2026-08-30T13:35:59.230Z  INFO 13300 --- [parle-moi-backend] [clientInboundChannel-84] s.parlemoi.backend.service.AppelService  : [Appel] Signal envoye avec succes
2026-08-30T13:35:59.255Z  INFO 13300 --- [parle-moi-backend] [clientInboundChannel-81] s.parlemoi.backend.service.AppelService  : [Appel] Signal recu - code=PM-97PC5ND6, type=CANDIDAT, principal=EcoutantPrincipal[ecoutantId=fb790b9d-2d7a-4c40-b404-5f77f1219ea8, role=ECOUTANT]
2026-08-30T13:35:59.267Z  INFO 13300 --- [parle-moi-backend] [clientInboundChannel-83] s.parlemoi.backend.service.AppelService  : [Appel] Signal recu - code=PM-97PC5ND6, type=CANDIDAT, principal=EcoutantPrincipal[ecoutantId=fb790b9d-2d7a-4c40-b404-5f77f1219ea8, role=ECOUTANT]
2026-08-30T13:35:59.271Z  INFO 13300 --- [parle-moi-backend] [clientInboundChannel-81] s.parlemoi.backend.service.AppelService  : [Appel] Envoi du signal vers destination=/topic/conversations/PM-97PC5ND6/appel
2026-08-30T13:35:59.280Z  INFO 13300 --- [parle-moi-backend] [clientInboundChannel-81] s.parlemoi.backend.service.AppelService  : [Appel] Signal envoye avec succes
2026-08-30T13:35:59.288Z  INFO 13300 --- [parle-moi-backend] [clientInboundChannel-73] s.parlemoi.backend.service.AppelService  : [Appel] Signal recu - code=PM-97PC5ND6, type=CANDIDAT, principal=EcoutantPrincipal[ecoutantId=fb790b9d-2d7a-4c40-b404-5f77f1219ea8, role=ECOUTANT]
2026-08-30T13:35:59.292Z  INFO 13300 --- [parle-moi-backend] [clientInboundChannel-83] s.parlemoi.backend.service.AppelService  : [Appel] Envoi du signal vers destination=/topic/conversations/PM-97PC5ND6/appel
2026-08-30T13:35:59.294Z  INFO 13300 --- [parle-moi-backend] [clientInboundChannel-77] s.parlemoi.backend.service.AppelService  : [Appel] Signal recu - code=PM-97PC5ND6, type=CANDIDAT, principal=EcoutantPrincipal[ecoutantId=fb790b9d-2d7a-4c40-b404-5f77f1219ea8, role=ECOUTANT]
2026-08-30T13:35:59.295Z  INFO 13300 --- [parle-moi-backend] [clientInboundChannel-83] s.parlemoi.backend.service.AppelService  : [Appel] Signal envoye avec succes
2026-08-30T13:35:59.298Z  INFO 13300 --- [parle-moi-backend] [clientInboundChannel-73] s.parlemoi.backend.service.AppelService  : [Appel] Envoi du signal vers destination=/topic/conversations/PM-97PC5ND6/appel
2026-08-30T13:35:59.303Z  INFO 13300 --- [parle-moi-backend] [clientInboundChannel-73] s.parlemoi.backend.service.AppelService  : [Appel] Signal envoye avec succes
2026-08-30T13:35:59.307Z  INFO 13300 --- [parle-moi-backend] [clientInboundChannel-83] s.parlemoi.backend.service.AppelService  : [Appel] Signal recu - code=PM-97PC5ND6, type=CANDIDAT, principal=EcoutantPrincipal[ecoutantId=fb790b9d-2d7a-4c40-b404-5f77f1219ea8, role=ECOUTANT]
2026-08-30T13:35:59.312Z  INFO 13300 --- [parle-moi-backend] [clientInboundChannel-77] s.parlemoi.backend.service.AppelService  : [Appel] Envoi du signal vers destination=/topic/conversations/PM-97PC5ND6/appel
2026-08-30T13:35:59.313Z  INFO 13300 --- [parle-moi-backend] [clientInboundChannel-77] s.parlemoi.backend.service.AppelService  : [Appel] Signal envoye avec succes
2026-08-30T13:35:59.320Z  INFO 13300 --- [parle-moi-backend] [clientInboundChannel-78] s.parlemoi.backend.service.AppelService  : [Appel] Signal recu - code=PM-97PC5ND6, type=CANDIDAT, principal=EcoutantPrincipal[ecoutantId=fb790b9d-2d7a-4c40-b404-5f77f1219ea8, role=ECOUTANT]
2026-08-30T13:35:59.327Z  INFO 13300 --- [parle-moi-backend] [clientInboundChannel-78] s.parlemoi.backend.service.AppelService  : [Appel] Envoi du signal vers destination=/topic/conversations/PM-97PC5ND6/appel
2026-08-30T13:35:59.331Z  INFO 13300 --- [parle-moi-backend] [clientInboundChannel-78] s.parlemoi.backend.service.AppelService  : [Appel] Signal envoye avec succes
2026-08-30T13:35:59.327Z  INFO 13300 --- [parle-moi-backend] [clientInboundChannel-83] s.parlemoi.backend.service.AppelService  : [Appel] Envoi du signal vers destination=/topic/conversations/PM-97PC5ND6/appel
2026-08-30T13:35:59.337Z  INFO 13300 --- [parle-moi-backend] [clientInboundChannel-83] s.parlemoi.backend.service.AppelService  : [Appel] Signal envoye avec succes
2026-08-30T13:35:59.338Z  INFO 13300 --- [parle-moi-backend] [clientInboundChannel-72] s.parlemoi.backend.service.AppelService  : [Appel] Signal recu - code=PM-97PC5ND6, type=CANDIDAT, principal=EcoutantPrincipal[ecoutantId=fb790b9d-2d7a-4c40-b404-5f77f1219ea8, role=ECOUTANT]
2026-08-30T13:35:59.353Z  INFO 13300 --- [parle-moi-backend] [clientInboundChannel-78] s.parlemoi.backend.service.AppelService  : [Appel] Signal recu - code=PM-97PC5ND6, type=CANDIDAT, principal=EcoutantPrincipal[ecoutantId=fb790b9d-2d7a-4c40-b404-5f77f1219ea8, role=ECOUTANT]
2026-08-30T13:35:59.357Z  INFO 13300 --- [parle-moi-backend] [clientInboundChannel-72] s.parlemoi.backend.service.AppelService  : [Appel] Envoi du signal vers destination=/topic/conversations/PM-97PC5ND6/appel
2026-08-30T13:35:59.358Z  INFO 13300 --- [parle-moi-backend] [clientInboundChannel-72] s.parlemoi.backend.service.AppelService  : [Appel] Signal envoye avec succes
2026-08-30T13:35:59.369Z  INFO 13300 --- [parle-moi-backend] [clientInboundChannel-78] s.parlemoi.backend.service.AppelService  : [Appel] Envoi du signal vers destination=/topic/conversations/PM-97PC5ND6/appel
2026-08-30T13:35:59.370Z  INFO 13300 --- [parle-moi-backend] [clientInboundChannel-78] s.parlemoi.backend.service.AppelService  : [Appel] Signal envoye avec succes
2026-08-30T13:36:35.197Z  INFO 13300 --- [parle-moi-backend] [clientInboundChannel-74] s.parlemoi.backend.service.AppelService  : [Appel] Signal recu - code=PM-97PC5ND6, type=RACCROCHER, principal=EcoutantPrincipal[ecoutantId=fb790b9d-2d7a-4c40-b404-5f77f1219ea8, role=ECOUTANT]
2026-08-30T13:36:35.229Z  INFO 13300 --- [parle-moi-backend] [clientInboundChannel-74] s.parlemoi.backend.service.AppelService  : [Appel] Envoi du signal vers destination=/topic/conversations/PM-97PC5ND6/appel
2026-08-30T13:36:35.230Z  INFO 13300 --- [parle-moi-backend] [clientInboundChannel-74] s.parlemoi.backend.service.AppelService  : [Appel] Signal envoye avec succes
2026-08-30T13:38:03.571Z  INFO 13300 --- [parle-moi-backend] [MessageBroker-7] o.s.w.s.c.WebSocketMessageBrokerStats    : WebSocketSession[2 current WS(2)-HttpStream(0)-HttpPoll(0), 6 total, 0 closed abnormally (0 connect failure, 0 send limit, 0 transport error)], stompSubProtocol[processed CONNECT(6)-CONNECTED(6)-DISCONNECT(0)], stompBrokerRelay[null], inboundChannel[pool size = 0, active threads = 0, queued tasks = 0, completed tasks = 174], outboundChannel[pool size = 0, active threads = 0, queued tasks = 0, completed tasks = 86], sockJsScheduler[pool size = 8, active threads = 1, queued tasks = 4, completed tasks = 437]
2026-08-30T13:44:51.360Z  INFO 13300 --- [parle-moi-backend] [clientInboundChannel-93] s.parlemoi.backend.service.AppelService  : [Appel] Signal recu - code=PM-97PC5ND6, type=DEMARRER, principal=AnonymePrincipal[code=PM-97PC5ND6]
2026-08-30T13:44:51.367Z  INFO 13300 --- [parle-moi-backend] [clientInboundChannel-96] s.parlemoi.backend.service.AppelService  : [Appel] Signal recu - code=PM-97PC5ND6, type=OFFRE, principal=AnonymePrincipal[code=PM-97PC5ND6]
2026-08-30T13:44:51.414Z  INFO 13300 --- [parle-moi-backend] [clientInboundChannel-99] s.parlemoi.backend.service.AppelService  : [Appel] Signal recu - code=PM-97PC5ND6, type=CANDIDAT, principal=AnonymePrincipal[code=PM-97PC5ND6]
2026-08-30T13:44:51.423Z  INFO 13300 --- [parle-moi-backend] [clientInboundChannel-100] s.parlemoi.backend.service.AppelService  : [Appel] Signal recu - code=PM-97PC5ND6, type=CANDIDAT, principal=AnonymePrincipal[code=PM-97PC5ND6]
2026-08-30T13:44:51.429Z  INFO 13300 --- [parle-moi-backend] [clientInboundChannel-90] s.parlemoi.backend.service.AppelService  : [Appel] Signal recu - code=PM-97PC5ND6, type=CANDIDAT, principal=AnonymePrincipal[code=PM-97PC5ND6]
2026-08-30T13:44:51.430Z  INFO 13300 --- [parle-moi-backend] [clientInboundChannel-93] s.parlemoi.backend.service.AppelService  : [Appel] Envoi du signal vers destination=/topic/conversations/PM-97PC5ND6/appel
2026-08-30T13:44:51.429Z  INFO 13300 --- [parle-moi-backend] [clientInboundChannel-86] s.parlemoi.backend.service.AppelService  : [Appel] Signal recu - code=PM-97PC5ND6, type=CANDIDAT, principal=AnonymePrincipal[code=PM-97PC5ND6]
2026-08-30T13:44:51.430Z  INFO 13300 --- [parle-moi-backend] [clientInboundChannel-96] s.parlemoi.backend.service.AppelService  : [Appel] Envoi du signal vers destination=/topic/conversations/PM-97PC5ND6/appel
2026-08-30T13:44:51.435Z  INFO 13300 --- [parle-moi-backend] [clientInboundChannel-93] s.parlemoi.backend.service.AppelService  : [Appel] Signal envoye avec succes
2026-08-30T13:44:51.442Z  INFO 13300 --- [parle-moi-backend] [clientInboundChannel-100] s.parlemoi.backend.service.AppelService  : [Appel] Envoi du signal vers destination=/topic/conversations/PM-97PC5ND6/appel
2026-08-30T13:44:51.448Z  INFO 13300 --- [parle-moi-backend] [clientInboundChannel-96] s.parlemoi.backend.service.AppelService  : [Appel] Signal envoye avec succes
2026-08-30T13:44:51.456Z  INFO 13300 --- [parle-moi-backend] [clientInboundChannel-99] s.parlemoi.backend.service.AppelService  : [Appel] Envoi du signal vers destination=/topic/conversations/PM-97PC5ND6/appel
2026-08-30T13:44:51.457Z  INFO 13300 --- [parle-moi-backend] [clientInboundChannel-90] s.parlemoi.backend.service.AppelService  : [Appel] Envoi du signal vers destination=/topic/conversations/PM-97PC5ND6/appel
2026-08-30T13:44:51.460Z  INFO 13300 --- [parle-moi-backend] [clientInboundChannel-100] s.parlemoi.backend.service.AppelService  : [Appel] Signal envoye avec succes
2026-08-30T13:44:51.471Z  INFO 13300 --- [parle-moi-backend] [clientInboundChannel-90] s.parlemoi.backend.service.AppelService  : [Appel] Signal envoye avec succes
2026-08-30T13:44:51.481Z  INFO 13300 --- [parle-moi-backend] [clientInboundChannel-86] s.parlemoi.backend.service.AppelService  : [Appel] Envoi du signal vers destination=/topic/conversations/PM-97PC5ND6/appel
2026-08-30T13:44:51.467Z  INFO 13300 --- [parle-moi-backend] [clientInboundChannel-99] s.parlemoi.backend.service.AppelService  : [Appel] Signal envoye avec succes
2026-08-30T13:44:51.491Z  INFO 13300 --- [parle-moi-backend] [clientInboundChannel-86] s.parlemoi.backend.service.AppelService  : [Appel] Signal envoye avec succes
2026-08-30T13:44:51.526Z  INFO 13300 --- [parle-moi-backend] [clientInboundChannel-97] s.parlemoi.backend.service.AppelService  : [Appel] Signal recu - code=PM-97PC5ND6, type=CANDIDAT, principal=AnonymePrincipal[code=PM-97PC5ND6]
2026-08-30T13:44:51.527Z  INFO 13300 --- [parle-moi-backend] [clientInboundChannel-87] s.parlemoi.backend.service.AppelService  : [Appel] Signal recu - code=PM-97PC5ND6, type=CANDIDAT, principal=AnonymePrincipal[code=PM-97PC5ND6]
2026-08-30T13:44:51.529Z  INFO 13300 --- [parle-moi-backend] [clientInboundChannel-93] s.parlemoi.backend.service.AppelService  : [Appel] Signal recu - code=PM-97PC5ND6, type=CANDIDAT, principal=AnonymePrincipal[code=PM-97PC5ND6]
2026-08-30T13:44:51.530Z  INFO 13300 --- [parle-moi-backend] [clientInboundChannel-89] s.parlemoi.backend.service.AppelService  : [Appel] Signal recu - code=PM-97PC5ND6, type=CANDIDAT, principal=AnonymePrincipal[code=PM-97PC5ND6]
2026-08-30T13:44:51.541Z  INFO 13300 --- [parle-moi-backend] [clientInboundChannel-100] s.parlemoi.backend.service.AppelService  : [Appel] Signal recu - code=PM-97PC5ND6, type=CANDIDAT, principal=AnonymePrincipal[code=PM-97PC5ND6]
2026-08-30T13:44:51.544Z  INFO 13300 --- [parle-moi-backend] [clientInboundChannel-87] s.parlemoi.backend.service.AppelService  : [Appel] Envoi du signal vers destination=/topic/conversations/PM-97PC5ND6/appel
2026-08-30T13:44:51.544Z  INFO 13300 --- [parle-moi-backend] [clientInboundChannel-85] s.parlemoi.backend.service.AppelService  : [Appel] Signal recu - code=PM-97PC5ND6, type=CANDIDAT, principal=AnonymePrincipal[code=PM-97PC5ND6]
2026-08-30T13:44:51.545Z  INFO 13300 --- [parle-moi-backend] [clientInboundChannel-97] s.parlemoi.backend.service.AppelService  : [Appel] Envoi du signal vers destination=/topic/conversations/PM-97PC5ND6/appel
2026-08-30T13:44:51.545Z  INFO 13300 --- [parle-moi-backend] [clientInboundChannel-93] s.parlemoi.backend.service.AppelService  : [Appel] Envoi du signal vers destination=/topic/conversations/PM-97PC5ND6/appel
2026-08-30T13:44:51.547Z  INFO 13300 --- [parle-moi-backend] [clientInboundChannel-87] s.parlemoi.backend.service.AppelService  : [Appel] Signal envoye avec succes
2026-08-30T13:44:51.548Z  INFO 13300 --- [parle-moi-backend] [clientInboundChannel-89] s.parlemoi.backend.service.AppelService  : [Appel] Envoi du signal vers destination=/topic/conversations/PM-97PC5ND6/appel
2026-08-30T13:44:51.551Z  INFO 13300 --- [parle-moi-backend] [clientInboundChannel-97] s.parlemoi.backend.service.AppelService  : [Appel] Signal envoye avec succes
2026-08-30T13:44:51.554Z  INFO 13300 --- [parle-moi-backend] [clientInboundChannel-93] s.parlemoi.backend.service.AppelService  : [Appel] Signal envoye avec succes
2026-08-30T13:44:51.555Z  INFO 13300 --- [parle-moi-backend] [clientInboundChannel-88] s.parlemoi.backend.service.AppelService  : [Appel] Signal recu - code=PM-97PC5ND6, type=CANDIDAT, principal=AnonymePrincipal[code=PM-97PC5ND6]
2026-08-30T13:44:51.555Z  INFO 13300 --- [parle-moi-backend] [clientInboundChannel-95] s.parlemoi.backend.service.AppelService  : [Appel] Signal recu - code=PM-97PC5ND6, type=CANDIDAT, principal=AnonymePrincipal[code=PM-97PC5ND6]
2026-08-30T13:44:51.555Z  INFO 13300 --- [parle-moi-backend] [clientInboundChannel-100] s.parlemoi.backend.service.AppelService  : [Appel] Envoi du signal vers destination=/topic/conversations/PM-97PC5ND6/appel
2026-08-30T13:44:51.561Z  INFO 13300 --- [parle-moi-backend] [clientInboundChannel-100] s.parlemoi.backend.service.AppelService  : [Appel] Signal envoye avec succes
2026-08-30T13:44:51.557Z  INFO 13300 --- [parle-moi-backend] [clientInboundChannel-89] s.parlemoi.backend.service.AppelService  : [Appel] Signal envoye avec succes
2026-08-30T13:44:51.561Z  INFO 13300 --- [parle-moi-backend] [clientInboundChannel-85] s.parlemoi.backend.service.AppelService  : [Appel] Envoi du signal vers destination=/topic/conversations/PM-97PC5ND6/appel
2026-08-30T13:44:51.570Z  INFO 13300 --- [parle-moi-backend] [clientInboundChannel-85] s.parlemoi.backend.service.AppelService  : [Appel] Signal envoye avec succes
2026-08-30T13:44:51.575Z  INFO 13300 --- [parle-moi-backend] [clientInboundChannel-95] s.parlemoi.backend.service.AppelService  : [Appel] Envoi du signal vers destination=/topic/conversations/PM-97PC5ND6/appel
2026-08-30T13:44:51.576Z  INFO 13300 --- [parle-moi-backend] [clientInboundChannel-95] s.parlemoi.backend.service.AppelService  : [Appel] Signal envoye avec succes
2026-08-30T13:44:51.577Z  INFO 13300 --- [parle-moi-backend] [clientInboundChannel-88] s.parlemoi.backend.service.AppelService  : [Appel] Envoi du signal vers destination=/topic/conversations/PM-97PC5ND6/appel
2026-08-30T13:44:51.580Z  INFO 13300 --- [parle-moi-backend] [clientInboundChannel-88] s.parlemoi.backend.service.AppelService  : [Appel] Signal envoye avec succes
2026-08-30T13:44:56.804Z  INFO 13300 --- [parle-moi-backend] [clientInboundChannel-99] s.parlemoi.backend.service.AppelService  : [Appel] Signal recu - code=PM-97PC5ND6, type=RACCROCHER, principal=AnonymePrincipal[code=PM-97PC5ND6]
2026-08-30T13:44:56.888Z  INFO 13300 --- [parle-moi-backend] [clientInboundChannel-99] s.parlemoi.backend.service.AppelService  : [Appel] Envoi du signal vers destination=/topic/conversations/PM-97PC5ND6/appel
2026-08-30T13:44:56.892Z  INFO 13300 --- [parle-moi-backend] [clientInboundChannel-99] s.parlemoi.backend.service.AppelService  : [Appel] Signal envoye avec succes
2026-08-30T13:44:59.199Z  INFO 13300 --- [parle-moi-backend] [clientInboundChannel-91] s.parlemoi.backend.service.AppelService  : [Appel] Signal recu - code=PM-97PC5ND6, type=DEMARRER, principal=AnonymePrincipal[code=PM-97PC5ND6]
2026-08-30T13:44:59.216Z  INFO 13300 --- [parle-moi-backend] [clientInboundChannel-96] s.parlemoi.backend.service.AppelService  : [Appel] Signal recu - code=PM-97PC5ND6, type=OFFRE, principal=AnonymePrincipal[code=PM-97PC5ND6]
2026-08-30T13:44:59.241Z  INFO 13300 --- [parle-moi-backend] [clientInboundChannel-88] s.parlemoi.backend.service.AppelService  : [Appel] Signal recu - code=PM-97PC5ND6, type=CANDIDAT, principal=AnonymePrincipal[code=PM-97PC5ND6]
2026-08-30T13:44:59.241Z  INFO 13300 --- [parle-moi-backend] [clientInboundChannel-86] s.parlemoi.backend.service.AppelService  : [Appel] Signal recu - code=PM-97PC5ND6, type=CANDIDAT, principal=AnonymePrincipal[code=PM-97PC5ND6]
2026-08-30T13:44:59.241Z  INFO 13300 --- [parle-moi-backend] [clientInboundChannel-93] s.parlemoi.backend.service.AppelService  : [Appel] Signal recu - code=PM-97PC5ND6, type=CANDIDAT, principal=AnonymePrincipal[code=PM-97PC5ND6]
2026-08-30T13:44:59.241Z  INFO 13300 --- [parle-moi-backend] [clientInboundChannel-97] s.parlemoi.backend.service.AppelService  : [Appel] Signal recu - code=PM-97PC5ND6, type=CANDIDAT, principal=AnonymePrincipal[code=PM-97PC5ND6]
2026-08-30T13:44:59.248Z  INFO 13300 --- [parle-moi-backend] [clientInboundChannel-96] s.parlemoi.backend.service.AppelService  : [Appel] Envoi du signal vers destination=/topic/conversations/PM-97PC5ND6/appel
2026-08-30T13:44:59.317Z  INFO 13300 --- [parle-moi-backend] [clientInboundChannel-86] s.parlemoi.backend.service.AppelService  : [Appel] Envoi du signal vers destination=/topic/conversations/PM-97PC5ND6/appel
2026-08-30T13:44:59.317Z  INFO 13300 --- [parle-moi-backend] [clientInboundChannel-88] s.parlemoi.backend.service.AppelService  : [Appel] Envoi du signal vers destination=/topic/conversations/PM-97PC5ND6/appel
2026-08-30T13:44:59.321Z  INFO 13300 --- [parle-moi-backend] [clientInboundChannel-100] s.parlemoi.backend.service.AppelService  : [Appel] Signal recu - code=PM-97PC5ND6, type=CANDIDAT, principal=AnonymePrincipal[code=PM-97PC5ND6]
2026-08-30T13:44:59.321Z  INFO 13300 --- [parle-moi-backend] [clientInboundChannel-89] s.parlemoi.backend.service.AppelService  : [Appel] Signal recu - code=PM-97PC5ND6, type=CANDIDAT, principal=AnonymePrincipal[code=PM-97PC5ND6]
2026-08-30T13:44:59.323Z  INFO 13300 --- [parle-moi-backend] [clientInboundChannel-91] s.parlemoi.backend.service.AppelService  : [Appel] Envoi du signal vers destination=/topic/conversations/PM-97PC5ND6/appel
2026-08-30T13:44:59.325Z  INFO 13300 --- [parle-moi-backend] [clientInboundChannel-94] s.parlemoi.backend.service.AppelService  : [Appel] Signal recu - code=PM-97PC5ND6, type=CANDIDAT, principal=AnonymePrincipal[code=PM-97PC5ND6]
2026-08-30T13:44:59.328Z  INFO 13300 --- [parle-moi-backend] [clientInboundChannel-96] s.parlemoi.backend.service.AppelService  : [Appel] Signal envoye avec succes
2026-08-30T13:44:59.328Z  INFO 13300 --- [parle-moi-backend] [clientInboundChannel-86] s.parlemoi.backend.service.AppelService  : [Appel] Signal envoye avec succes
2026-08-30T13:44:59.336Z  INFO 13300 --- [parle-moi-backend] [clientInboundChannel-90] s.parlemoi.backend.service.AppelService  : [Appel] Signal recu - code=PM-97PC5ND6, type=CANDIDAT, principal=AnonymePrincipal[code=PM-97PC5ND6]
2026-08-30T13:44:59.342Z  INFO 13300 --- [parle-moi-backend] [clientInboundChannel-93] s.parlemoi.backend.service.AppelService  : [Appel] Envoi du signal vers destination=/topic/conversations/PM-97PC5ND6/appel
2026-08-30T13:44:59.343Z  INFO 13300 --- [parle-moi-backend] [clientInboundChannel-97] s.parlemoi.backend.service.AppelService  : [Appel] Envoi du signal vers destination=/topic/conversations/PM-97PC5ND6/appel
2026-08-30T13:44:59.347Z  INFO 13300 --- [parle-moi-backend] [clientInboundChannel-88] s.parlemoi.backend.service.AppelService  : [Appel] Signal envoye avec succes
2026-08-30T13:44:59.408Z  INFO 13300 --- [parle-moi-backend] [clientInboundChannel-97] s.parlemoi.backend.service.AppelService  : [Appel] Signal envoye avec succes
2026-08-30T13:44:59.365Z  INFO 13300 --- [parle-moi-backend] [clientInboundChannel-91] s.parlemoi.backend.service.AppelService  : [Appel] Signal envoye avec succes
2026-08-30T13:44:59.395Z  INFO 13300 --- [parle-moi-backend] [clientInboundChannel-100] s.parlemoi.backend.service.AppelService  : [Appel] Envoi du signal vers destination=/topic/conversations/PM-97PC5ND6/appel
2026-08-30T13:44:59.395Z  INFO 13300 --- [parle-moi-backend] [clientInboundChannel-93] s.parlemoi.backend.service.AppelService  : [Appel] Signal envoye avec succes
2026-08-30T13:44:59.395Z  INFO 13300 --- [parle-moi-backend] [clientInboundChannel-89] s.parlemoi.backend.service.AppelService  : [Appel] Envoi du signal vers destination=/topic/conversations/PM-97PC5ND6/appel
2026-08-30T13:44:59.396Z  INFO 13300 --- [parle-moi-backend] [clientInboundChannel-85] s.parlemoi.backend.service.AppelService  : [Appel] Signal recu - code=PM-97PC5ND6, type=CANDIDAT, principal=AnonymePrincipal[code=PM-97PC5ND6]
2026-08-30T13:44:59.403Z  INFO 13300 --- [parle-moi-backend] [clientInboundChannel-98] s.parlemoi.backend.service.AppelService  : [Appel] Signal recu - code=PM-97PC5ND6, type=CANDIDAT, principal=AnonymePrincipal[code=PM-97PC5ND6]
2026-08-30T13:44:59.409Z  INFO 13300 --- [parle-moi-backend] [clientInboundChannel-94] s.parlemoi.backend.service.AppelService  : [Appel] Envoi du signal vers destination=/topic/conversations/PM-97PC5ND6/appel
2026-08-30T13:44:59.410Z  INFO 13300 --- [parle-moi-backend] [clientInboundChannel-90] s.parlemoi.backend.service.AppelService  : [Appel] Envoi du signal vers destination=/topic/conversations/PM-97PC5ND6/appel
2026-08-30T13:44:59.415Z  INFO 13300 --- [parle-moi-backend] [clientInboundChannel-100] s.parlemoi.backend.service.AppelService  : [Appel] Signal envoye avec succes
2026-08-30T13:44:59.419Z  INFO 13300 --- [parle-moi-backend] [clientInboundChannel-99] s.parlemoi.backend.service.AppelService  : [Appel] Signal recu - code=PM-97PC5ND6, type=CANDIDAT, principal=AnonymePrincipal[code=PM-97PC5ND6]
2026-08-30T13:44:59.426Z  INFO 13300 --- [parle-moi-backend] [clientInboundChannel-95] s.parlemoi.backend.service.AppelService  : [Appel] Signal recu - code=PM-97PC5ND6, type=CANDIDAT, principal=AnonymePrincipal[code=PM-97PC5ND6]
2026-08-30T13:44:59.429Z  INFO 13300 --- [parle-moi-backend] [clientInboundChannel-89] s.parlemoi.backend.service.AppelService  : [Appel] Signal envoye avec succes
2026-08-30T13:44:59.433Z  INFO 13300 --- [parle-moi-backend] [clientInboundChannel-94] s.parlemoi.backend.service.AppelService  : [Appel] Signal envoye avec succes
2026-08-30T13:44:59.433Z  INFO 13300 --- [parle-moi-backend] [clientInboundChannel-90] s.parlemoi.backend.service.AppelService  : [Appel] Signal envoye avec succes
2026-08-30T13:44:59.438Z  INFO 13300 --- [parle-moi-backend] [clientInboundChannel-85] s.parlemoi.backend.service.AppelService  : [Appel] Envoi du signal vers destination=/topic/conversations/PM-97PC5ND6/appel
2026-08-30T13:44:59.440Z  INFO 13300 --- [parle-moi-backend] [clientInboundChannel-98] s.parlemoi.backend.service.AppelService  : [Appel] Envoi du signal vers destination=/topic/conversations/PM-97PC5ND6/appel
2026-08-30T13:44:59.452Z  INFO 13300 --- [parle-moi-backend] [clientInboundChannel-99] s.parlemoi.backend.service.AppelService  : [Appel] Envoi du signal vers destination=/topic/conversations/PM-97PC5ND6/appel
2026-08-30T13:44:59.459Z  INFO 13300 --- [parle-moi-backend] [clientInboundChannel-85] s.parlemoi.backend.service.AppelService  : [Appel] Signal envoye avec succes
2026-08-30T13:44:59.460Z  INFO 13300 --- [parle-moi-backend] [clientInboundChannel-98] s.parlemoi.backend.service.AppelService  : [Appel] Signal envoye avec succes
2026-08-30T13:44:59.466Z  INFO 13300 --- [parle-moi-backend] [clientInboundChannel-95] s.parlemoi.backend.service.AppelService  : [Appel] Envoi du signal vers destination=/topic/conversations/PM-97PC5ND6/appel
2026-08-30T13:44:59.469Z  INFO 13300 --- [parle-moi-backend] [clientInboundChannel-99] s.parlemoi.backend.service.AppelService  : [Appel] Signal envoye avec succes
2026-08-30T13:44:59.476Z  INFO 13300 --- [parle-moi-backend] [clientInboundChannel-95] s.parlemoi.backend.service.AppelService  : [Appel] Signal envoye avec succes
2026-08-30T13:45:01.545Z  INFO 13300 --- [parle-moi-backend] [clientInboundChannel-92] s.parlemoi.backend.service.AppelService  : [Appel] Signal recu - code=PM-97PC5ND6, type=ACCEPTER, principal=EcoutantPrincipal[ecoutantId=fb790b9d-2d7a-4c40-b404-5f77f1219ea8, role=ECOUTANT]
2026-08-30T13:45:01.580Z  INFO 13300 --- [parle-moi-backend] [clientInboundChannel-92] s.parlemoi.backend.service.AppelService  : [Appel] Envoi du signal vers destination=/topic/conversations/PM-97PC5ND6/appel
2026-08-30T13:45:01.596Z  INFO 13300 --- [parle-moi-backend] [clientInboundChannel-86] s.parlemoi.backend.service.AppelService  : [Appel] Signal recu - code=PM-97PC5ND6, type=REPONSE, principal=EcoutantPrincipal[ecoutantId=fb790b9d-2d7a-4c40-b404-5f77f1219ea8, role=ECOUTANT]
2026-08-30T13:45:01.616Z  INFO 13300 --- [parle-moi-backend] [clientInboundChannel-97] s.parlemoi.backend.service.AppelService  : [Appel] Signal recu - code=PM-97PC5ND6, type=CANDIDAT, principal=EcoutantPrincipal[ecoutantId=fb790b9d-2d7a-4c40-b404-5f77f1219ea8, role=ECOUTANT]
2026-08-30T13:45:01.618Z  INFO 13300 --- [parle-moi-backend] [clientInboundChannel-92] s.parlemoi.backend.service.AppelService  : [Appel] Signal envoye avec succes
2026-08-30T13:45:01.650Z  INFO 13300 --- [parle-moi-backend] [clientInboundChannel-97] s.parlemoi.backend.service.AppelService  : [Appel] Envoi du signal vers destination=/topic/conversations/PM-97PC5ND6/appel
2026-08-30T13:45:01.650Z  INFO 13300 --- [parle-moi-backend] [clientInboundChannel-86] s.parlemoi.backend.service.AppelService  : [Appel] Envoi du signal vers destination=/topic/conversations/PM-97PC5ND6/appel
2026-08-30T13:45:01.657Z  INFO 13300 --- [parle-moi-backend] [clientInboundChannel-97] s.parlemoi.backend.service.AppelService  : [Appel] Signal envoye avec succes
2026-08-30T13:45:01.658Z  INFO 13300 --- [parle-moi-backend] [clientInboundChannel-86] s.parlemoi.backend.service.AppelService  : [Appel] Signal envoye avec succes
2026-08-30T13:45:01.670Z  INFO 13300 --- [parle-moi-backend] [clientInboundChannel-91] s.parlemoi.backend.service.AppelService  : [Appel] Signal recu - code=PM-97PC5ND6, type=CANDIDAT, principal=EcoutantPrincipal[ecoutantId=fb790b9d-2d7a-4c40-b404-5f77f1219ea8, role=ECOUTANT]
2026-08-30T13:45:01.672Z  INFO 13300 --- [parle-moi-backend] [clientInboundChannel-85] s.parlemoi.backend.service.AppelService  : [Appel] Signal recu - code=PM-97PC5ND6, type=CANDIDAT, principal=EcoutantPrincipal[ecoutantId=fb790b9d-2d7a-4c40-b404-5f77f1219ea8, role=ECOUTANT]
2026-08-30T13:45:01.683Z  INFO 13300 --- [parle-moi-backend] [clientInboundChannel-91] s.parlemoi.backend.service.AppelService  : [Appel] Envoi du signal vers destination=/topic/conversations/PM-97PC5ND6/appel
2026-08-30T13:45:01.683Z  INFO 13300 --- [parle-moi-backend] [clientInboundChannel-85] s.parlemoi.backend.service.AppelService  : [Appel] Envoi du signal vers destination=/topic/conversations/PM-97PC5ND6/appel
2026-08-30T13:45:01.685Z  INFO 13300 --- [parle-moi-backend] [clientInboundChannel-91] s.parlemoi.backend.service.AppelService  : [Appel] Signal envoye avec succes
2026-08-30T13:45:01.689Z  INFO 13300 --- [parle-moi-backend] [clientInboundChannel-85] s.parlemoi.backend.service.AppelService  : [Appel] Signal envoye avec succes
2026-08-30T13:45:01.693Z  INFO 13300 --- [parle-moi-backend] [clientInboundChannel-99] s.parlemoi.backend.service.AppelService  : [Appel] Signal recu - code=PM-97PC5ND6, type=CANDIDAT, principal=EcoutantPrincipal[ecoutantId=fb790b9d-2d7a-4c40-b404-5f77f1219ea8, role=ECOUTANT]
2026-08-30T13:45:01.697Z  INFO 13300 --- [parle-moi-backend] [clientInboundChannel-88] s.parlemoi.backend.service.AppelService  : [Appel] Signal recu - code=PM-97PC5ND6, type=CANDIDAT, principal=EcoutantPrincipal[ecoutantId=fb790b9d-2d7a-4c40-b404-5f77f1219ea8, role=ECOUTANT]
2026-08-30T13:45:01.711Z  INFO 13300 --- [parle-moi-backend] [clientInboundChannel-88] s.parlemoi.backend.service.AppelService  : [Appel] Envoi du signal vers destination=/topic/conversations/PM-97PC5ND6/appel
2026-08-30T13:45:01.711Z  INFO 13300 --- [parle-moi-backend] [clientInboundChannel-99] s.parlemoi.backend.service.AppelService  : [Appel] Envoi du signal vers destination=/topic/conversations/PM-97PC5ND6/appel
2026-08-30T13:45:01.712Z  INFO 13300 --- [parle-moi-backend] [clientInboundChannel-99] s.parlemoi.backend.service.AppelService  : [Appel] Signal envoye avec succes
2026-08-30T13:45:01.712Z  INFO 13300 --- [parle-moi-backend] [clientInboundChannel-88] s.parlemoi.backend.service.AppelService  : [Appel] Signal envoye avec succes
2026-08-30T13:45:01.715Z  INFO 13300 --- [parle-moi-backend] [clientInboundChannel-100] s.parlemoi.backend.service.AppelService  : [Appel] Signal recu - code=PM-97PC5ND6, type=CANDIDAT, principal=EcoutantPrincipal[ecoutantId=fb790b9d-2d7a-4c40-b404-5f77f1219ea8, role=ECOUTANT]
2026-08-30T13:45:01.717Z  INFO 13300 --- [parle-moi-backend] [clientInboundChannel-86] s.parlemoi.backend.service.AppelService  : [Appel] Signal recu - code=PM-97PC5ND6, type=CANDIDAT, principal=EcoutantPrincipal[ecoutantId=fb790b9d-2d7a-4c40-b404-5f77f1219ea8, role=ECOUTANT]
2026-08-30T13:45:01.724Z  INFO 13300 --- [parle-moi-backend] [clientInboundChannel-95] s.parlemoi.backend.service.AppelService  : [Appel] Signal recu - code=PM-97PC5ND6, type=CANDIDAT, principal=EcoutantPrincipal[ecoutantId=fb790b9d-2d7a-4c40-b404-5f77f1219ea8, role=ECOUTANT]
2026-08-30T13:45:01.728Z  INFO 13300 --- [parle-moi-backend] [clientInboundChannel-100] s.parlemoi.backend.service.AppelService  : [Appel] Envoi du signal vers destination=/topic/conversations/PM-97PC5ND6/appel
2026-08-30T13:45:01.728Z  INFO 13300 --- [parle-moi-backend] [clientInboundChannel-86] s.parlemoi.backend.service.AppelService  : [Appel] Envoi du signal vers destination=/topic/conversations/PM-97PC5ND6/appel
2026-08-30T13:45:01.729Z  INFO 13300 --- [parle-moi-backend] [clientInboundChannel-87] s.parlemoi.backend.service.AppelService  : [Appel] Signal recu - code=PM-97PC5ND6, type=CANDIDAT, principal=EcoutantPrincipal[ecoutantId=fb790b9d-2d7a-4c40-b404-5f77f1219ea8, role=ECOUTANT]
2026-08-30T13:45:01.735Z  INFO 13300 --- [parle-moi-backend] [clientInboundChannel-95] s.parlemoi.backend.service.AppelService  : [Appel] Envoi du signal vers destination=/topic/conversations/PM-97PC5ND6/appel
2026-08-30T13:45:01.737Z  INFO 13300 --- [parle-moi-backend] [clientInboundChannel-100] s.parlemoi.backend.service.AppelService  : [Appel] Signal envoye avec succes
2026-08-30T13:45:01.747Z  INFO 13300 --- [parle-moi-backend] [clientInboundChannel-95] s.parlemoi.backend.service.AppelService  : [Appel] Signal envoye avec succes
2026-08-30T13:45:01.741Z  INFO 13300 --- [parle-moi-backend] [clientInboundChannel-85] s.parlemoi.backend.service.AppelService  : [Appel] Signal recu - code=PM-97PC5ND6, type=CANDIDAT, principal=EcoutantPrincipal[ecoutantId=fb790b9d-2d7a-4c40-b404-5f77f1219ea8, role=ECOUTANT]
2026-08-30T13:45:01.742Z  INFO 13300 --- [parle-moi-backend] [clientInboundChannel-86] s.parlemoi.backend.service.AppelService  : [Appel] Signal envoye avec succes
2026-08-30T13:45:01.760Z  INFO 13300 --- [parle-moi-backend] [clientInboundChannel-87] s.parlemoi.backend.service.AppelService  : [Appel] Envoi du signal vers destination=/topic/conversations/PM-97PC5ND6/appel
2026-08-30T13:45:01.763Z  INFO 13300 --- [parle-moi-backend] [clientInboundChannel-90] s.parlemoi.backend.service.AppelService  : [Appel] Signal recu - code=PM-97PC5ND6, type=CANDIDAT, principal=EcoutantPrincipal[ecoutantId=fb790b9d-2d7a-4c40-b404-5f77f1219ea8, role=ECOUTANT]
2026-08-30T13:45:01.766Z  INFO 13300 --- [parle-moi-backend] [clientInboundChannel-99] s.parlemoi.backend.service.AppelService  : [Appel] Signal recu - code=PM-97PC5ND6, type=CANDIDAT, principal=EcoutantPrincipal[ecoutantId=fb790b9d-2d7a-4c40-b404-5f77f1219ea8, role=ECOUTANT]
2026-08-30T13:45:01.770Z  INFO 13300 --- [parle-moi-backend] [clientInboundChannel-87] s.parlemoi.backend.service.AppelService  : [Appel] Signal envoye avec succes
2026-08-30T13:45:01.822Z  INFO 13300 --- [parle-moi-backend] [clientInboundChannel-99] s.parlemoi.backend.service.AppelService  : [Appel] Envoi du signal vers destination=/topic/conversations/PM-97PC5ND6/appel
2026-08-30T13:45:01.777Z  INFO 13300 --- [parle-moi-backend] [clientInboundChannel-85] s.parlemoi.backend.service.AppelService  : [Appel] Envoi du signal vers destination=/topic/conversations/PM-97PC5ND6/appel
2026-08-30T13:45:01.814Z  INFO 13300 --- [parle-moi-backend] [clientInboundChannel-90] s.parlemoi.backend.service.AppelService  : [Appel] Envoi du signal vers destination=/topic/conversations/PM-97PC5ND6/appel
2026-08-30T13:45:01.838Z  INFO 13300 --- [parle-moi-backend] [clientInboundChannel-90] s.parlemoi.backend.service.AppelService  : [Appel] Signal envoye avec succes
2026-08-30T13:45:01.823Z  INFO 13300 --- [parle-moi-backend] [clientInboundChannel-99] s.parlemoi.backend.service.AppelService  : [Appel] Signal envoye avec succes
2026-08-30T13:45:01.838Z  INFO 13300 --- [parle-moi-backend] [clientInboundChannel-85] s.parlemoi.backend.service.AppelService  : [Appel] Signal envoye avec succes
2026-08-30T13:46:07.134Z  INFO 13300 --- [parle-moi-backend] [clientInboundChannel-101] s.parlemoi.backend.service.AppelService  : [Appel] Signal recu - code=PM-97PC5ND6, type=RACCROCHER, principal=AnonymePrincipal[code=PM-97PC5ND6]
2026-08-30T13:46:07.149Z  INFO 13300 --- [parle-moi-backend] [clientInboundChannel-101] s.parlemoi.backend.service.AppelService  : [Appel] Envoi du signal vers destination=/topic/conversations/PM-97PC5ND6/appel
2026-08-30T13:46:07.153Z  INFO 13300 --- [parle-moi-backend] [clientInboundChannel-101] s.parlemoi.backend.service.AppelService  : [Appel] Signal envoye avec succes
2026-08-30T14:08:03.580Z  INFO 13300 --- [parle-moi-backend] [MessageBroker-5] o.s.w.s.c.WebSocketMessageBrokerStats    : WebSocketSession[2 current WS(2)-HttpStream(0)-HttpPoll(0), 12 total, 0 closed abnormally (0 connect failure, 0 send limit, 0 transport error)], stompSubProtocol[processed CONNECT(12)-CONNECTED(12)-DISCONNECT(0)], stompBrokerRelay[null], inboundChannel[pool size = 0, active threads = 0, queued tasks = 0, completed tasks = 390], outboundChannel[pool size = 0, active threads = 0, queued tasks = 0, completed tasks = 198], sockJsScheduler[pool size = 8, active threads = 2, queued tasks = 3, completed tasks = 990]
2026-08-30T14:19:55.090Z  INFO 13300 --- [parle-moi-backend] [SpringApplicationShutdownHook] o.s.boot.tomcat.GracefulShutdown         : Commencing graceful shutdown. Waiting for active requests to complete
2026-08-30T14:19:55.390Z  INFO 13300 --- [parle-moi-backend] [tomcat-shutdown] o.s.boot.tomcat.GracefulShutdown         : Graceful shutdown complete
2026-08-30T14:19:55.397Z  INFO 13300 --- [parle-moi-backend] [SpringApplicationShutdownHook] o.s.m.s.b.SimpleBrokerMessageHandler     : Stopping...
2026-08-30T14:19:55.398Z  INFO 13300 --- [parle-moi-backend] [SpringApplicationShutdownHook] o.s.m.s.b.SimpleBrokerMessageHandler     : BrokerAvailabilityEvent[available=false, SimpleBrokerMessageHandler [org.springframework.messaging.simp.broker.DefaultSubscriptionRegistry@27cda5f]]
2026-08-30T14:19:55.398Z  INFO 13300 --- [parle-moi-backend] [SpringApplicationShutdownHook] o.s.m.s.b.SimpleBrokerMessageHandler     : Stopped.
2026-08-30T14:19:55.411Z  INFO 13300 --- [parle-moi-backend] [SpringApplicationShutdownHook] j.LocalContainerEntityManagerFactoryBean : Closing JPA EntityManagerFactory for persistence unit 'default'
2026-08-30T14:19:55.413Z  INFO 13300 --- [parle-moi-backend] [SpringApplicationShutdownHook] com.zaxxer.hikari.HikariDataSource       : HikariPool-1 - Shutdown initiated...
2026-08-30T14:19:55.421Z  INFO 13300 --- [parle-moi-backend] [SpringApplicationShutdownHook] com.zaxxer.hikari.HikariDataSource       : HikariPool-1 - Shutdown completed.
